Once upon a time in a land far away, there was a mystery forest.
The trees could talk and birds could sing poems.
This line will be copied.
Sometimes the wind would whisper secrets to the leaves.
The fox jumped over the lazy dog.
This line will be copied.
